// Jest Snapshot v1, https://goo.gl/fbAQLP

exports[`<Main> Main Container Page renders 1`] = `undefined`;
