// Jest Snapshot v1, https://goo.gl/fbAQLP

exports[`<Routes> Routes Component Loader renders 1`] = `undefined`;
