// Jest Snapshot v1, https://goo.gl/fbAQLP

exports[`<RouteContainer> Route Component Loader renders 1`] = `undefined`;
